CMD-LOG-LINE-BEGIN 24308 | 2026-03-01 16:19:34,663 | INFO | az_command_data_logger | command args: login --service-principal --username {} --password {} --tenant {}
CMD-LOG-LINE-BEGIN 24308 | 2026-03-01 16:19:37,128 | ERROR | az_command_data_logger | The command failed with an unexpected error. Here is the traceback:
CMD-LOG-LINE-BEGIN 24308 | 2026-03-01 16:19:37,136 | ERROR | az_command_data_logger | HTTPSConnectionPool(host='login.microsoftonline.com', port=443): Max retries exceeded with url: /76f541ef-f9f9-4810-888a-5bfc7fabeb97/v2.0/.well-known/openid-configuration (Caused by NewConnectionError("HTTPSConnection(host='login.microsoftonline.com', port=443): Failed to establish a new connection: [WinError 10013] An attempt was made to access a socket in a way forbidden by its access permissions"))
Traceback (most recent call last):
  File "D:\a\_work\1\s\build_scripts\windows\artifacts\cli\Lib\site-packages\urllib3/connection.py", line 204, in _new_conn
  File "D:\a\_work\1\s\build_scripts\windows\artifacts\cli\Lib\site-packages\urllib3/util/connection.py", line 85, in create_connection
  File "D:\a\_work\1\s\build_scripts\windows\artifacts\cli\Lib\site-packages\urllib3/util/connection.py", line 73, in create_connection
PermissionError: [WinError 10013] An attempt was made to access a socket in a way forbidden by its access permissions

The above exception was the direct cause of the following exception:

Traceback (most recent call last):
  File "D:\a\_work\1\s\build_scripts\windows\artifacts\cli\Lib\site-packages\urllib3/connectionpool.py", line 787, in urlopen
  File "D:\a\_work\1\s\build_scripts\windows\artifacts\cli\Lib\site-packages\urllib3/connectionpool.py", line 488, in _make_request
  File "D:\a\_work\1\s\build_scripts\windows\artifacts\cli\Lib\site-packages\urllib3/connectionpool.py", line 464, in _make_request
  File "D:\a\_work\1\s\build_scripts\windows\artifacts\cli\Lib\site-packages\urllib3/connectionpool.py", line 1093, in _validate_conn
  File "D:\a\_work\1\s\build_scripts\windows\artifacts\cli\Lib\site-packages\urllib3/connection.py", line 759, in connect
  File "D:\a\_work\1\s\build_scripts\windows\artifacts\cli\Lib\site-packages\urllib3/connection.py", line 219, in _new_conn
urllib3.exceptions.NewConnectionError: HTTPSConnection(host='login.microsoftonline.com', port=443): Failed to establish a new connection: [WinError 10013] An attempt was made to access a socket in a way forbidden by its access permissions

The above exception was the direct cause of the following exception:

Traceback (most recent call last):
  File "D:\a\_work\1\s\build_scripts\windows\artifacts\cli\Lib\site-packages\requests/adapters.py", line 667, in send
  File "D:\a\_work\1\s\build_scripts\windows\artifacts\cli\Lib\site-packages\urllib3/connectionpool.py", line 871, in urlopen
  File "D:\a\_work\1\s\build_scripts\windows\artifacts\cli\Lib\site-packages\urllib3/connectionpool.py", line 841, in urlopen
  File "D:\a\_work\1\s\build_scripts\windows\artifacts\cli\Lib\site-packages\urllib3/util/retry.py", line 535, in increment
urllib3.exceptions.MaxRetryError: HTTPSConnectionPool(host='login.microsoftonline.com', port=443): Max retries exceeded with url: /76f541ef-f9f9-4810-888a-5bfc7fabeb97/v2.0/.well-known/openid-configuration (Caused by NewConnectionError("HTTPSConnection(host='login.microsoftonline.com', port=443): Failed to establish a new connection: [WinError 10013] An attempt was made to access a socket in a way forbidden by its access permissions"))

During handling of the above exception, another exception occurred:

Traceback (most recent call last):
  File "D:\a\_work\1\s\build_scripts\windows\artifacts\cli\Lib\site-packages\knack/cli.py", line 233, in invoke
  File "D:\a\_work\1\s\build_scripts\windows\artifacts\cli\Lib\site-packages\azure/cli/core/commands/__init__.py", line 669, in execute
  File "D:\a\_work\1\s\build_scripts\windows\artifacts\cli\Lib\site-packages\azure/cli/core/commands/__init__.py", line 737, in _run_jobs_serially
  File "D:\a\_work\1\s\build_scripts\windows\artifacts\cli\Lib\site-packages\azure/cli/core/commands/__init__.py", line 706, in _run_job
  File "D:\a\_work\1\s\build_scripts\windows\artifacts\cli\Lib\site-packages\azure/cli/core/commands/__init__.py", line 336, in __call__
  File "D:\a\_work\1\s\build_scripts\windows\artifacts\cli\Lib\site-packages\azure/cli/core/commands/command_operation.py", line 120, in handler
  File "D:\a\_work\1\s\build_scripts\windows\artifacts\cli\Lib\site-packages\azure/cli/command_modules/profile/custom.py", line 192, in login
  File "D:\a\_work\1\s\build_scripts\windows\artifacts\cli\Lib\site-packages\azure/cli/core/_profile.py", line 182, in login
  File "D:\a\_work\1\s\build_scripts\windows\artifacts\cli\Lib\site-packages\azure/cli/core/auth/identity.py", line 194, in login_with_service_principal
  File "D:\a\_work\1\s\build_scripts\windows\artifacts\cli\Lib\site-packages\azure/cli/core/auth/msal_credentials.py", line 106, in __init__
  File "D:\a\_work\1\s\build_scripts\windows\artifacts\cli\Lib\site-packages\msal/application.py", line 644, in __init__
  File "D:\a\_work\1\s\build_scripts\windows\artifacts\cli\Lib\site-packages\msal/authority.py", line 79, in __init__
  File "D:\a\_work\1\s\build_scripts\windows\artifacts\cli\Lib\site-packages\msal/authority.py", line 211, in tenant_discovery
  File "D:\a\_work\1\s\build_scripts\windows\artifacts\cli\Lib\site-packages\msal/individual_cache.py", line 273, in wrapper
  File "D:\a\_work\1\s\build_scripts\windows\artifacts\cli\Lib\site-packages\msal/throttled_http_client.py", line 99, in get
  File "D:\a\_work\1\s\build_scripts\windows\artifacts\cli\Lib\site-packages\requests/sessions.py", line 602, in get
  File "D:\a\_work\1\s\build_scripts\windows\artifacts\cli\Lib\site-packages\requests/sessions.py", line 589, in request
  File "D:\a\_work\1\s\build_scripts\windows\artifacts\cli\Lib\site-packages\requests/sessions.py", line 703, in send
  File "D:\a\_work\1\s\build_scripts\windows\artifacts\cli\Lib\site-packages\requests/adapters.py", line 700, in send
requests.exceptions.ConnectionError: HTTPSConnectionPool(host='login.microsoftonline.com', port=443): Max retries exceeded with url: /76f541ef-f9f9-4810-888a-5bfc7fabeb97/v2.0/.well-known/openid-configuration (Caused by NewConnectionError("HTTPSConnection(host='login.microsoftonline.com', port=443): Failed to establish a new connection: [WinError 10013] An attempt was made to access a socket in a way forbidden by its access permissions"))
CMD-LOG-LINE-BEGIN 24308 | 2026-03-01 16:19:37,147 | INFO | az_command_data_logger | exit code: 1
